function start
about to throw
defer cleanup executed
caught: uncaught error
