function start
function end
defer iteration: 2
defer iteration: 1
defer iteration: 0
