outer start
inner arrow start
inner arrow end
inner arrow defer
inner expression start
inner expression end
inner expression defer
outer end
outer defer
