async function start
async function end
async function defer
