outer start
inner start
inner end
inner defer
outer end
