arrow function start
arrow function end
arrow function defer
