function expression start
function expression end
function expression defer
