function start
early return
defer executed despite early return
